// Jest Snapshot v1, https://goo.gl/fbAQLP

exports[`component: CustomRadioGroup renders 1`] = `
<View>
  <View
    dataSet={{}}
    style={
      {
        "flexDirection": "row",
      }
    }
  >
    <View>
      <View
        accessibilityLabel="a-radio-button"
        accessibilityState={
          {
            "busy": undefined,
            "checked": undefined,
            "disabled": undefined,
            "expanded": undefined,
            "selected": undefined,
          }
        }
        accessibilityValue={
          {
            "max": undefined,
            "min": undefined,
            "now": undefined,
            "text": undefined,
          }
        }
        accessible={true}
        collapsable={false}
        focusable={true}
        onClick={[Function]}
        onResponderGrant={[Function]}
        onResponderMove={[Function]}
        onResponderRelease={[Function]}
        onResponderTerminate={[Function]}
        onResponderTerminationRequest={[Function]}
        onStartShouldSetResponder={[Function]}
        style={
          {
            "alignItems": "center",
            "alignSelf": "center",
            "borderColor": "#FEB027",
            "borderRadius": 11,
            "borderWidth": 1,
            "height": 22,
            "justifyContent": "center",
            "marginBottom": 16,
            "opacity": 1,
            "width": 22,
          }
        }
      >
        <View
          style={
            [
              {
                "borderRadius": 10,
              },
              {
                "backgroundColor": "#2196f3",
                "height": 20,
                "width": 20,
              },
              {
                "borderRadius": 6,
                "height": 12,
                "width": 12,
              },
              {
                "backgroundColor": "#FEB027",
              },
            ]
          }
        />
      </View>
    </View>
    <View
      dataSet={{}}
      style={{}}
    />
    <Text
      style={
        [
          [
            {
              "color": "#25282D",
            },
            {
              "fontFamily": "Poppins-Regular",
              "fontSize": 14,
              "fontStyle": "normal",
              "fontWeight": "400",
              "letterSpacing": 0.025,
              "textAlign": "left",
            },
          ],
          {
            "marginLeft": 16,
          },
        ]
      }
    >
      A
    </Text>
  </View>
  <View
    dataSet={{}}
    style={
      {
        "flexDirection": "row",
      }
    }
  >
    <View>
      <View
        accessibilityLabel="b-radio-button"
        accessibilityState={
          {
            "busy": undefined,
            "checked": undefined,
            "disabled": undefined,
            "expanded": undefined,
            "selected": undefined,
          }
        }
        accessibilityValue={
          {
            "max": undefined,
            "min": undefined,
            "now": undefined,
            "text": undefined,
          }
        }
        accessible={true}
        collapsable={false}
        focusable={true}
        onClick={[Function]}
        onResponderGrant={[Function]}
        onResponderMove={[Function]}
        onResponderRelease={[Function]}
        onResponderTerminate={[Function]}
        onResponderTerminationRequest={[Function]}
        onStartShouldSetResponder={[Function]}
        style={
          {
            "alignItems": "center",
            "alignSelf": "center",
            "borderColor": "#25282D",
            "borderRadius": 11,
            "borderWidth": 1,
            "height": 22,
            "justifyContent": "center",
            "marginBottom": 16,
            "opacity": 1,
            "width": 22,
          }
        }
      >
        <View
          style={
            [
              {
                "borderRadius": 10,
              },
              false,
              false,
              false,
            ]
          }
        />
      </View>
    </View>
    <View
      dataSet={{}}
      style={{}}
    />
    <Text
      style={
        [
          [
            {
              "color": "#25282D",
            },
            {
              "fontFamily": "Poppins-Regular",
              "fontSize": 14,
              "fontStyle": "normal",
              "fontWeight": "400",
              "letterSpacing": 0.025,
              "textAlign": "left",
            },
          ],
          {
            "marginLeft": 16,
          },
        ]
      }
    >
      B
    </Text>
  </View>
  <View
    dataSet={{}}
    style={
      {
        "flexDirection": "row",
      }
    }
  >
    <View>
      <View
        accessibilityLabel="c-radio-button"
        accessibilityState={
          {
            "busy": undefined,
            "checked": undefined,
            "disabled": undefined,
            "expanded": undefined,
            "selected": undefined,
          }
        }
        accessibilityValue={
          {
            "max": undefined,
            "min": undefined,
            "now": undefined,
            "text": undefined,
          }
        }
        accessible={true}
        collapsable={false}
        focusable={true}
        onClick={[Function]}
        onResponderGrant={[Function]}
        onResponderMove={[Function]}
        onResponderRelease={[Function]}
        onResponderTerminate={[Function]}
        onResponderTerminationRequest={[Function]}
        onStartShouldSetResponder={[Function]}
        style={
          {
            "alignItems": "center",
            "alignSelf": "center",
            "borderColor": "#25282D",
            "borderRadius": 11,
            "borderWidth": 1,
            "height": 22,
            "justifyContent": "center",
            "marginBottom": 16,
            "opacity": 1,
            "width": 22,
          }
        }
      >
        <View
          style={
            [
              {
                "borderRadius": 10,
              },
              false,
              false,
              false,
            ]
          }
        />
      </View>
    </View>
    <View
      dataSet={{}}
      style={{}}
    />
    <Text
      style={
        [
          [
            {
              "color": "#25282D",
            },
            {
              "fontFamily": "Poppins-Regular",
              "fontSize": 14,
              "fontStyle": "normal",
              "fontWeight": "400",
              "letterSpacing": 0.025,
              "textAlign": "left",
            },
          ],
          {
            "marginLeft": 16,
          },
        ]
      }
    >
      C
    </Text>
  </View>
</View>
`;
