// Jest Snapshot v1, https://goo.gl/fbAQLP

exports[`components: LoadingIndicator renders 1`] = `
<View
  collapsable={false}
  pointerEvents="box-none"
  style={
    Object {
      "flex": 1,
    }
  }
>
  <View
    style={
      Object {
        "alignItems": "center",
        "flexDirection": "row",
        "justifyContent": "center",
      }
    }
  >
    <View
      style={
        Array [
          Object {
            "alignItems": "center",
            "flexDirection": "row",
            "justifyContent": "center",
          },
          Object {
            "bottom": 0,
            "left": 0,
            "position": "absolute",
            "right": 0,
            "top": 0,
          },
        ]
      }
    >
      <View
        style={
          Array [
            Object {
              "backgroundColor": "blue",
              "marginHorizontal": 4,
            },
            Object {
              "backgroundColor": "gray",
              "borderRadius": 5,
              "height": 10,
              "width": 10,
            },
          ]
        }
      />
      <View
        style={
          Array [
            Object {
              "backgroundColor": "blue",
              "marginHorizontal": 4,
            },
            Object {
              "backgroundColor": "gray",
              "borderRadius": 5,
              "height": 10,
              "width": 10,
            },
          ]
        }
      />
      <View
        style={
          Array [
            Object {
              "backgroundColor": "blue",
              "marginHorizontal": 4,
            },
            Object {
              "backgroundColor": "gray",
              "borderRadius": 5,
              "height": 10,
              "width": 10,
            },
          ]
        }
      />
      <View
        style={
          Array [
            Object {
              "backgroundColor": "blue",
              "marginHorizontal": 4,
            },
            Object {
              "backgroundColor": "gray",
              "borderRadius": 5,
              "height": 10,
              "width": 10,
            },
          ]
        }
      />
      <View
        style={
          Array [
            Object {
              "backgroundColor": "blue",
              "marginHorizontal": 4,
            },
            Object {
              "backgroundColor": "gray",
              "borderRadius": 5,
              "height": 10,
              "width": 10,
            },
          ]
        }
      />
    </View>
    <View
      collapsable={false}
      style={
        Object {
          "backgroundColor": "red",
          "borderRadius": 5,
          "height": 10,
          "marginHorizontal": 4,
          "opacity": 0,
          "width": 10,
        }
      }
    />
    <View
      collapsable={false}
      style={
        Object {
          "backgroundColor": "red",
          "borderRadius": 5,
          "height": 10,
          "marginHorizontal": 4,
          "opacity": 0,
          "width": 10,
        }
      }
    />
    <View
      collapsable={false}
      style={
        Object {
          "backgroundColor": "red",
          "borderRadius": 5,
          "height": 10,
          "marginHorizontal": 4,
          "opacity": 0,
          "width": 10,
        }
      }
    />
    <View
      collapsable={false}
      style={
        Object {
          "backgroundColor": "red",
          "borderRadius": 5,
          "height": 10,
          "marginHorizontal": 4,
          "opacity": 0,
          "width": 10,
        }
      }
    />
    <View
      collapsable={false}
      style={
        Object {
          "backgroundColor": "red",
          "borderRadius": 5,
          "height": 10,
          "marginHorizontal": 4,
          "opacity": 0,
          "width": 10,
        }
      }
    />
  </View>
</View>
`;

exports[`components: LoadingIndicator stops animation if hideActiveDots is true 1`] = `
<View
  collapsable={false}
  pointerEvents="box-none"
  style={
    Object {
      "flex": 1,
    }
  }
>
  <View
    style={
      Object {
        "alignItems": "center",
        "flexDirection": "row",
        "justifyContent": "center",
      }
    }
  >
    <View
      style={
        Array [
          Object {
            "alignItems": "center",
            "flexDirection": "row",
            "justifyContent": "center",
          },
          Object {
            "bottom": 0,
            "left": 0,
            "position": "absolute",
            "right": 0,
            "top": 0,
          },
        ]
      }
    >
      <View
        style={
          Array [
            Object {
              "backgroundColor": "blue",
              "marginHorizontal": 4,
            },
            Object {
              "backgroundColor": "gray",
              "borderRadius": 5,
              "height": 10,
              "width": 10,
            },
          ]
        }
      />
      <View
        style={
          Array [
            Object {
              "backgroundColor": "blue",
              "marginHorizontal": 4,
            },
            Object {
              "backgroundColor": "gray",
              "borderRadius": 5,
              "height": 10,
              "width": 10,
            },
          ]
        }
      />
    </View>
    <View
      collapsable={false}
      style={
        Object {
          "backgroundColor": "red",
          "borderRadius": 5,
          "height": 10,
          "marginHorizontal": 4,
          "opacity": 0,
          "width": 10,
        }
      }
    />
    <View
      collapsable={false}
      style={
        Object {
          "backgroundColor": "red",
          "borderRadius": 5,
          "height": 10,
          "marginHorizontal": 4,
          "opacity": 0,
          "width": 10,
        }
      }
    />
  </View>
</View>
`;
