// Jest Snapshot v1, https://goo.gl/fbAQLP

exports[`component: ProfileHeaderButton renders 1`] = `
<View
  collapsable={false}
  pointerEvents="box-none"
  style={
    Object {
      "flex": 1,
    }
  }
>
  <View
    accessible={true}
    collapsable={false}
    focusable={false}
    onClick={[Function]}
    onResponderGrant={[Function]}
    onResponderMove={[Function]}
    onResponderRelease={[Function]}
    onResponderTerminate={[Function]}
    onResponderTerminationRequest={[Function]}
    onStartShouldSetResponder={[Function]}
    style={
      Object {
        "opacity": 1,
      }
    }
  >
    <Image
      source={
        Object {
          "testUri": "../../../src/assets/images/defaultProfilePic.png",
        }
      }
      style={
        Object {
          "borderRadius": 36,
          "height": 36,
          "resizeMode": "cover",
          "width": 36,
        }
      }
    />
  </View>
</View>
`;
