// Jest Snapshot v1, https://goo.gl/fbAQLP

exports[`component: EnterCommentBottomBar renders 1`] = `
<View
  onLayout={[Function]}
  style={
    {
      "paddingBottom": 0,
    }
  }
>
  <View
    pointerEvents="box-none"
  >
    <View
      pointerEvents="none"
      style={
        [
          {
            "bottom": 0,
            "left": 0,
            "position": "absolute",
            "right": 0,
            "top": 0,
          },
          undefined,
          {
            "start": 0,
            "top": 0,
          },
        ]
      }
    >
      <RNSVGSvgView
        bbHeight="100%"
        bbWidth={31}
        focusable={false}
        height="100%"
        style={
          [
            {
              "backgroundColor": "transparent",
              "borderWidth": 0,
            },
            {
              "position": "absolute",
              "start": -30,
              "top": 0,
            },
            {
              "flex": 0,
              "height": "100%",
              "width": 31,
            },
          ]
        }
        width={31}
      >
        <RNSVGGroup>
          <RNSVGDefs>
            <RNSVGLinearGradient
              gradient={
                [
                  0,
                  439563059,
                  1,
                  3355443,
                ]
              }
              gradientTransform={null}
              gradientUnits={0}
              name="start.0"
              x1="1"
              x2="0"
              y1="0"
              y2="0"
            />
          </RNSVGDefs>
          <RNSVGRect
            fill={
              [
                1,
                "start.0",
              ]
            }
            height="100%"
            propList={
              [
                "fill",
              ]
            }
            width={30}
            x={0}
            y={-0}
          />
        </RNSVGGroup>
      </RNSVGSvgView>
      <RNSVGSvgView
        bbHeight="100%"
        bbWidth={31}
        focusable={false}
        height="100%"
        style={
          [
            {
              "backgroundColor": "transparent",
              "borderWidth": 0,
            },
            {
              "position": "absolute",
              "start": "100%",
              "top": 0,
            },
            {
              "flex": 0,
              "height": "100%",
              "width": 31,
            },
          ]
        }
        width={31}
      >
        <RNSVGGroup>
          <RNSVGDefs>
            <RNSVGLinearGradient
              gradient={
                [
                  0,
                  439563059,
                  1,
                  3355443,
                ]
              }
              gradientTransform={null}
              gradientUnits={0}
              name="end.0"
              x1="0"
              x2="1"
              y1="0"
              y2="0"
            />
          </RNSVGDefs>
          <RNSVGRect
            fill={
              [
                1,
                "end.0",
              ]
            }
            height="100%"
            propList={
              [
                "fill",
              ]
            }
            width={30}
            x={0}
            y={-0}
          />
        </RNSVGGroup>
      </RNSVGSvgView>
      <RNSVGSvgView
        bbHeight={31}
        bbWidth="100%"
        focusable={false}
        height={31}
        style={
          [
            {
              "backgroundColor": "transparent",
              "borderWidth": 0,
            },
            {
              "position": "absolute",
              "start": 0,
              "top": -30,
            },
            {
              "flex": 0,
              "height": 31,
              "width": "100%",
            },
          ]
        }
        width="100%"
      >
        <RNSVGGroup>
          <RNSVGDefs>
            <RNSVGLinearGradient
              gradient={
                [
                  0,
                  439563059,
                  1,
                  3355443,
                ]
              }
              gradientTransform={null}
              gradientUnits={0}
              name="top.0"
              x1="0"
              x2="0"
              y1="1"
              y2="0"
            />
          </RNSVGDefs>
          <RNSVGRect
            fill={
              [
                1,
                "top.0",
              ]
            }
            height={30}
            propList={
              [
                "fill",
              ]
            }
            width="100%"
            x={-0}
            y={0}
          />
        </RNSVGGroup>
      </RNSVGSvgView>
      <RNSVGSvgView
        bbHeight={31}
        bbWidth="100%"
        focusable={false}
        height={31}
        style={
          [
            {
              "backgroundColor": "transparent",
              "borderWidth": 0,
            },
            {
              "position": "absolute",
              "start": 0,
              "top": "100%",
            },
            {
              "flex": 0,
              "height": 31,
              "width": "100%",
            },
          ]
        }
        width="100%"
      >
        <RNSVGGroup>
          <RNSVGDefs>
            <RNSVGLinearGradient
              gradient={
                [
                  0,
                  439563059,
                  1,
                  3355443,
                ]
              }
              gradientTransform={null}
              gradientUnits={0}
              name="bottom.0"
              x1="0"
              x2="0"
              y1="0"
              y2="1"
            />
          </RNSVGDefs>
          <RNSVGRect
            fill={
              [
                1,
                "bottom.0",
              ]
            }
            height={30}
            propList={
              [
                "fill",
              ]
            }
            width="100%"
            x={-0}
            y={0}
          />
        </RNSVGGroup>
      </RNSVGSvgView>
      <RNSVGSvgView
        bbHeight={31}
        bbWidth={31}
        focusable={false}
        height={31}
        style={
          [
            {
              "backgroundColor": "transparent",
              "borderWidth": 0,
            },
            {
              "position": "absolute",
              "start": -30,
              "top": -30,
            },
            {
              "flex": 0,
              "height": 31,
              "width": 31,
            },
          ]
        }
        width={31}
      >
        <RNSVGGroup>
          <RNSVGDefs>
            <RNSVGRadialGradient
              cx={30}
              cy={30}
              fx={30}
              fy={30}
              gradient={
                [
                  0,
                  0,
                  0,
                  439563059,
                  0.9999999999999999,
                  3355443,
                  1,
                  3355443,
                ]
              }
              gradientTransform={null}
              gradientUnits={1}
              name="topStart.0"
              rx={30}
              ry={30}
            />
          </RNSVGDefs>
          <RNSVGRect
            fill={
              [
                1,
                "topStart.0",
              ]
            }
            height={30}
            propList={
              [
                "fill",
              ]
            }
            width={30}
            x={0}
            y={0}
          />
        </RNSVGGroup>
      </RNSVGSvgView>
      <RNSVGSvgView
        bbHeight={31}
        bbWidth={31}
        focusable={false}
        height={31}
        style={
          [
            {
              "backgroundColor": "transparent",
              "borderWidth": 0,
            },
            {
              "position": "absolute",
              "start": "100%",
              "top": -30,
              "transform": [
                {
                  "translateX": -0,
                },
              ],
            },
            {
              "flex": 0,
              "height": 31,
              "width": 31,
            },
          ]
        }
        width={31}
      >
        <RNSVGGroup
          matrix={
            [
              1,
              0,
              0,
              1,
              0,
              0,
            ]
          }
        >
          <RNSVGDefs>
            <RNSVGRadialGradient
              cx={0}
              cy={30}
              fx={0}
              fy={30}
              gradient={
                [
                  0,
                  0,
                  0,
                  439563059,
                  0.9999999999999999,
                  3355443,
                  1,
                  3355443,
                ]
              }
              gradientTransform={null}
              gradientUnits={1}
              name="topEnd.0"
              rx={30}
              ry={30}
            />
          </RNSVGDefs>
          <RNSVGRect
            fill={
              [
                1,
                "topEnd.0",
              ]
            }
            height={30}
            propList={
              [
                "fill",
              ]
            }
            width={30}
            x={0}
            y={0}
          />
        </RNSVGGroup>
      </RNSVGSvgView>
      <RNSVGSvgView
        bbHeight={31}
        bbWidth={31}
        focusable={false}
        height={31}
        style={
          [
            {
              "backgroundColor": "transparent",
              "borderWidth": 0,
            },
            {
              "position": "absolute",
              "start": -30,
              "top": "100%",
              "transform": [
                {
                  "translateY": -0,
                },
              ],
            },
            {
              "flex": 0,
              "height": 31,
              "width": 31,
            },
          ]
        }
        width={31}
      >
        <RNSVGGroup
          matrix={
            [
              1,
              0,
              0,
              1,
              0,
              0,
            ]
          }
        >
          <RNSVGDefs>
            <RNSVGRadialGradient
              cx={30}
              cy={0}
              fx={30}
              fy={0}
              gradient={
                [
                  0,
                  0,
                  0,
                  439563059,
                  0.9999999999999999,
                  3355443,
                  1,
                  3355443,
                ]
              }
              gradientTransform={null}
              gradientUnits={1}
              name="bottomStart.0"
              rx={30}
              ry={30}
            />
          </RNSVGDefs>
          <RNSVGRect
            fill={
              [
                1,
                "bottomStart.0",
              ]
            }
            height={30}
            propList={
              [
                "fill",
              ]
            }
            width={30}
            x={0}
            y={0}
          />
        </RNSVGGroup>
      </RNSVGSvgView>
      <RNSVGSvgView
        bbHeight={31}
        bbWidth={31}
        focusable={false}
        height={31}
        style={
          [
            {
              "backgroundColor": "transparent",
              "borderWidth": 0,
            },
            {
              "position": "absolute",
              "start": "100%",
              "top": "100%",
              "transform": [
                {
                  "translateX": -0,
                },
                {
                  "translateY": -0,
                },
              ],
            },
            {
              "flex": 0,
              "height": 31,
              "width": 31,
            },
          ]
        }
        width={31}
      >
        <RNSVGGroup
          matrix={
            [
              1,
              0,
              0,
              1,
              0,
              0,
            ]
          }
        >
          <RNSVGDefs>
            <RNSVGRadialGradient
              cx={0}
              cy={0}
              fx={0}
              fy={0}
              gradient={
                [
                  0,
                  0,
                  0,
                  439563059,
                  0.9999999999999999,
                  3355443,
                  1,
                  3355443,
                ]
              }
              gradientTransform={null}
              gradientUnits={1}
              name="bottomEnd.0"
              rx={30}
              ry={30}
            />
          </RNSVGDefs>
          <RNSVGRect
            fill={
              [
                1,
                "bottomEnd.0",
              ]
            }
            height={30}
            propList={
              [
                "fill",
              ]
            }
            width={30}
            x={0}
            y={0}
          />
        </RNSVGGroup>
      </RNSVGSvgView>
    </View>
    <View
      onLayout={[Function]}
      pointerEvents="box-none"
      style={
        [
          {
            "alignSelf": "flex-start",
            "borderBottomLeftRadius": 0,
            "borderBottomRightRadius": 0,
            "borderTopLeftRadius": 0,
            "borderTopRightRadius": 0,
          },
          {
            "backgroundColor": "#FFFFFF",
            "paddingBottom": 0,
            "paddingHorizontal": 20,
            "paddingTop": 20,
          },
          {
            "alignSelf": "stretch",
          },
        ]
      }
    >
      <View
        style={
          {
            "flexDirection": "row",
            "marginBottom": 8,
            "width": "100%",
          }
        }
      >
        <View
          style={
            [
              {
                "overflow": "hidden",
              },
              {
                "alignSelf": "flex-start",
                "borderRadius": 38,
                "height": 38,
                "width": 38,
              },
            ]
          }
        >
          <FastImageView
            defaultSource={null}
            resizeMode="cover"
            source={
              {
                "testUri": "../../../src/assets/images/defaultProfilePic.png",
              }
            }
            style={
              {
                "bottom": 0,
                "left": 0,
                "position": "absolute",
                "right": 0,
                "top": 0,
              }
            }
          />
        </View>
        <View
          style={
            {
              "borderColor": "#DDDDDD",
              "borderRadius": 12,
              "borderWidth": 1,
              "flex": 1,
              "justifyContent": "space-between",
              "marginLeft": 8,
              "padding": 12,
            }
          }
        >
          <RCTScrollView
            contentContainerStyle={
              {
                "flexDirection": "row",
                "maxHeight": 266.8,
                "paddingRight": 24,
              }
            }
            keyboardShouldPersistTaps="always"
            overScrollMode="never"
            showsVerticalScrollIndicator={true}
          >
            <View>
              <TextInput
                maxLength={500}
                multiline={true}
                onChangeText={[Function]}
                placeholder="Write a comment..."
                placeholderTextColor="#878787"
                style={
                  {
                    "color": "#25282D",
                    "flex": 1,
                    "flexGrow": 1,
                    "fontFamily": "Poppins-Regular",
                    "fontSize": 14,
                    "fontStyle": "normal",
                    "fontWeight": "400",
                    "letterSpacing": 0.025,
                    "lineHeight": 21,
                    "minHeight": undefined,
                    "paddingHorizontal": 0,
                    "paddingVertical": 0,
                    "textAlign": "left",
                  }
                }
                textAlignVertical="center"
                value=""
              />
            </View>
          </RCTScrollView>
          <View
            pointerEvents="none"
            style={
              {
                "alignSelf": "flex-end",
                "bottom": 12,
                "opacity": 0,
                "position": "absolute",
                "right": 12,
              }
            }
          >
            <View
              accessibilityState={
                {
                  "busy": undefined,
                  "checked": undefined,
                  "disabled": undefined,
                  "expanded": undefined,
                  "selected": undefined,
                }
              }
              accessibilityValue={
                {
                  "max": undefined,
                  "min": undefined,
                  "now": undefined,
                  "text": undefined,
                }
              }
              accessible={true}
              collapsable={false}
              focusable={true}
              onClick={[Function]}
              onResponderGrant={[Function]}
              onResponderMove={[Function]}
              onResponderRelease={[Function]}
              onResponderTerminate={[Function]}
              onResponderTerminationRequest={[Function]}
              onStartShouldSetResponder={[Function]}
              style={
                {
                  "opacity": 1,
                }
              }
            >
              <View
                style={
                  [
                    {
                      "overflow": "hidden",
                    },
                    {
                      "bottom": 0,
                      "height": 24,
                      "width": 24,
                    },
                  ]
                }
              >
                <FastImageView
                  defaultSource={null}
                  onFastImageError={[Function]}
                  resizeMode="cover"
                  source={
                    {
                      "testUri": "../../../src/assets/images/expandComment.png",
                    }
                  }
                  style={
                    {
                      "bottom": 0,
                      "left": 0,
                      "position": "absolute",
                      "right": 0,
                      "top": 0,
                    }
                  }
                />
              </View>
            </View>
          </View>
        </View>
      </View>
    </View>
  </View>
</View>
`;
