// Jest Snapshot v1, https://goo.gl/fbAQLP

exports[`component: ChainLinkItem renders 1`] = `
<View
  collapsable={false}
  pointerEvents="box-none"
  style={
    Object {
      "flex": 1,
    }
  }
>
  <View
    pointerEvents="box-none"
  >
    <View
      pointerEvents="none"
      style={
        Array [
          Object {
            "bottom": 0,
            "left": 10,
            "position": "absolute",
            "right": 0,
            "top": 20,
          },
          undefined,
        ]
      }
    >
      <RNSVGSvgView
        bbHeight="100%"
        bbWidth={41}
        focusable={false}
        height="100%"
        style={
          Array [
            Object {
              "backgroundColor": "transparent",
              "borderWidth": 0,
            },
            Object {
              "left": -40,
              "position": "absolute",
              "top": 12,
            },
            Object {
              "flex": 0,
              "height": "100%",
              "width": 41,
            },
          ]
        }
        width={41}
      >
        <RNSVGGroup>
          <RNSVGDefs>
            <RNSVGLinearGradient
              gradient={
                Array [
                  0,
                  438654908,
                  1,
                  2447292,
                ]
              }
              gradientTransform={null}
              gradientUnits={0}
              name="left"
              x1="1"
              x2="0"
              y1="0"
              y2="0"
            />
          </RNSVGDefs>
          <RNSVGRect
            fill={
              Array [
                1,
                "left",
              ]
            }
            height="100%"
            propList={
              Array [
                "fill",
              ]
            }
            width={40}
            x={0}
            y={-24}
          />
        </RNSVGGroup>
      </RNSVGSvgView>
      <RNSVGSvgView
        bbHeight="100%"
        bbWidth={41}
        focusable={false}
        height="100%"
        style={
          Array [
            Object {
              "backgroundColor": "transparent",
              "borderWidth": 0,
            },
            Object {
              "left": "100%",
              "position": "absolute",
              "top": 12,
            },
            Object {
              "flex": 0,
              "height": "100%",
              "width": 41,
            },
          ]
        }
        width={41}
      >
        <RNSVGGroup>
          <RNSVGDefs>
            <RNSVGLinearGradient
              gradient={
                Array [
                  0,
                  438654908,
                  1,
                  2447292,
                ]
              }
              gradientTransform={null}
              gradientUnits={0}
              name="right"
              x1="0"
              x2="1"
              y1="0"
              y2="0"
            />
          </RNSVGDefs>
          <RNSVGRect
            fill={
              Array [
                1,
                "right",
              ]
            }
            height="100%"
            propList={
              Array [
                "fill",
              ]
            }
            width={40}
            x={0}
            y={-24}
          />
        </RNSVGGroup>
      </RNSVGSvgView>
      <RNSVGSvgView
        bbHeight={41}
        bbWidth="100%"
        focusable={false}
        height={41}
        style={
          Array [
            Object {
              "backgroundColor": "transparent",
              "borderWidth": 0,
            },
            Object {
              "left": 12,
              "position": "absolute",
              "top": "100%",
            },
            Object {
              "flex": 0,
              "height": 41,
              "width": "100%",
            },
          ]
        }
        width="100%"
      >
        <RNSVGGroup>
          <RNSVGDefs>
            <RNSVGLinearGradient
              gradient={
                Array [
                  0,
                  438654908,
                  1,
                  2447292,
                ]
              }
              gradientTransform={null}
              gradientUnits={0}
              name="bottom"
              x1="0"
              x2="0"
              y1="0"
              y2="1"
            />
          </RNSVGDefs>
          <RNSVGRect
            fill={
              Array [
                1,
                "bottom",
              ]
            }
            height={40}
            propList={
              Array [
                "fill",
              ]
            }
            width="100%"
            x={-24}
            y={0}
          />
        </RNSVGGroup>
      </RNSVGSvgView>
      <RNSVGSvgView
        bbHeight={41}
        bbWidth="100%"
        focusable={false}
        height={41}
        style={
          Array [
            Object {
              "backgroundColor": "transparent",
              "borderWidth": 0,
            },
            Object {
              "left": 12,
              "position": "absolute",
              "top": -40,
            },
            Object {
              "flex": 0,
              "height": 41,
              "width": "100%",
            },
          ]
        }
        width="100%"
      >
        <RNSVGGroup>
          <RNSVGDefs>
            <RNSVGLinearGradient
              gradient={
                Array [
                  0,
                  438654908,
                  1,
                  2447292,
                ]
              }
              gradientTransform={null}
              gradientUnits={0}
              name="top"
              x1="0"
              x2="0"
              y1="1"
              y2="0"
            />
          </RNSVGDefs>
          <RNSVGRect
            fill={
              Array [
                1,
                "top",
              ]
            }
            height={40}
            propList={
              Array [
                "fill",
              ]
            }
            width="100%"
            x={-24}
            y={0}
          />
        </RNSVGGroup>
      </RNSVGSvgView>
      <RNSVGSvgView
        bbHeight={53}
        bbWidth={53}
        focusable={false}
        height={53}
        style={
          Array [
            Object {
              "backgroundColor": "transparent",
              "borderWidth": 0,
            },
            Object {
              "left": -40,
              "position": "absolute",
              "top": -40,
            },
            Object {
              "flex": 0,
              "height": 53,
              "width": 53,
            },
          ]
        }
        width={53}
      >
        <RNSVGGroup>
          <RNSVGDefs>
            <RNSVGRadialGradient
              cx={52}
              cy={52}
              fx={52}
              fy={52}
              gradient={
                Array [
                  0.23076923076923078,
                  438654908,
                  1,
                  2447292,
                ]
              }
              gradientTransform={null}
              gradientUnits={1}
              name="topLeft"
              rx={52}
              ry={52}
            />
          </RNSVGDefs>
          <RNSVGPath
            d="M0,52 a52,52 0 0 1 52 -52 v40 v12 h-12 h-40 Z"
            fill={
              Array [
                1,
                "topLeft",
              ]
            }
            propList={
              Array [
                "fill",
              ]
            }
          />
        </RNSVGGroup>
      </RNSVGSvgView>
      <RNSVGSvgView
        bbHeight={53}
        bbWidth={53}
        focusable={false}
        height={53}
        style={
          Array [
            Object {
              "backgroundColor": "transparent",
              "borderWidth": 0,
            },
            Object {
              "left": "100%",
              "position": "absolute",
              "top": -40,
              "transform": Array [
                Object {
                  "translateX": -12,
                },
              ],
            },
            Object {
              "flex": 0,
              "height": 53,
              "width": 53,
            },
          ]
        }
        width={53}
      >
        <RNSVGGroup
          matrix={
            Array [
              1,
              0,
              0,
              1,
              0,
              0,
            ]
          }
        >
          <RNSVGDefs>
            <RNSVGRadialGradient
              cx={0}
              cy={52}
              fx={0}
              fy={52}
              gradient={
                Array [
                  0.23076923076923078,
                  438654908,
                  1,
                  2447292,
                ]
              }
              gradientTransform={null}
              gradientUnits={1}
              name="topRight"
              rx={52}
              ry={52}
            />
          </RNSVGDefs>
          <RNSVGPath
            d="M0,0 a52,52 0 0 1 52,52 h-40 h-12 v-12 v-40 Z"
            fill={
              Array [
                1,
                "topRight",
              ]
            }
            propList={
              Array [
                "fill",
              ]
            }
          />
        </RNSVGGroup>
      </RNSVGSvgView>
      <RNSVGSvgView
        bbHeight={53}
        bbWidth={53}
        focusable={false}
        height={53}
        style={
          Array [
            Object {
              "backgroundColor": "transparent",
              "borderWidth": 0,
            },
            Object {
              "left": -40,
              "position": "absolute",
              "top": "100%",
              "transform": Array [
                Object {
                  "translateY": -12,
                },
              ],
            },
            Object {
              "flex": 0,
              "height": 53,
              "width": 53,
            },
          ]
        }
        width={53}
      >
        <RNSVGGroup
          matrix={
            Array [
              1,
              0,
              0,
              1,
              0,
              0,
            ]
          }
        >
          <RNSVGDefs>
            <RNSVGRadialGradient
              cx={52}
              cy={0}
              fx={52}
              fy={0}
              gradient={
                Array [
                  0.23076923076923078,
                  438654908,
                  1,
                  2447292,
                ]
              }
              gradientTransform={null}
              gradientUnits={1}
              name="bottomLeft"
              rx={52}
              ry={52}
            />
          </RNSVGDefs>
          <RNSVGPath
            d="M52,52 a52,52 0 0 1 -52,-52 h40 h12 v12 v40 Z"
            fill={
              Array [
                1,
                "bottomLeft",
              ]
            }
            propList={
              Array [
                "fill",
              ]
            }
          />
        </RNSVGGroup>
      </RNSVGSvgView>
      <RNSVGSvgView
        bbHeight={53}
        bbWidth={53}
        focusable={false}
        height={53}
        style={
          Array [
            Object {
              "backgroundColor": "transparent",
              "borderWidth": 0,
            },
            Object {
              "left": "100%",
              "position": "absolute",
              "top": "100%",
              "transform": Array [
                Object {
                  "translateX": -12,
                },
                Object {
                  "translateY": -12,
                },
              ],
            },
            Object {
              "flex": 0,
              "height": 53,
              "width": 53,
            },
          ]
        }
        width={53}
      >
        <RNSVGGroup
          matrix={
            Array [
              1,
              0,
              0,
              1,
              0,
              0,
            ]
          }
        >
          <RNSVGDefs>
            <RNSVGRadialGradient
              cx={0}
              cy={0}
              fx={0}
              fy={0}
              gradient={
                Array [
                  0.23076923076923078,
                  438654908,
                  1,
                  2447292,
                ]
              }
              gradientTransform={null}
              gradientUnits={1}
              name="bottomRight"
              rx={52}
              ry={52}
            />
          </RNSVGDefs>
          <RNSVGPath
            d="M52,0 a52,52 0 0 1 -52,52 v-40 v-12 h12 h40 Z"
            fill={
              Array [
                1,
                "bottomRight",
              ]
            }
            propList={
              Array [
                "fill",
              ]
            }
          />
        </RNSVGGroup>
      </RNSVGSvgView>
      <RNSVGSvgView
        bbHeight="100%"
        bbWidth="100%"
        focusable={false}
        height="100%"
        style={
          Array [
            Object {
              "backgroundColor": "transparent",
              "borderWidth": 0,
            },
            Object {
              "position": "absolute",
            },
            Object {
              "flex": 0,
              "height": "100%",
              "width": "100%",
            },
          ]
        }
        width="100%"
      >
        <RNSVGGroup>
          <RNSVGDefs>
            <RNSVGMask
              height="100%"
              maskContentUnits={1}
              maskTransform={
                Array [
                  1,
                  0,
                  0,
                  1,
                  0,
                  0,
                ]
              }
              maskUnits={0}
              name="maskPaintBelow"
              width="100%"
              x="0%"
              y="0%"
            >
              <RNSVGRect
                fill={4294967295}
                height="100%"
                propList={
                  Array [
                    "fill",
                  ]
                }
                width="100%"
                x={0}
                y={0}
              />
              <RNSVGRect
                fill={4278190080}
                height={12}
                propList={
                  Array [
                    "fill",
                  ]
                }
                width={12}
                x={0}
                y={0}
              />
              <RNSVGRect
                fill={4278190080}
                height={12}
                matrix={
                  Array [
                    1,
                    0,
                    0,
                    1,
                    -12,
                    0,
                  ]
                }
                propList={
                  Array [
                    "fill",
                  ]
                }
                width={12}
                x="100%"
                y={0}
              />
              <RNSVGRect
                fill={4278190080}
                height={12}
                matrix={
                  Array [
                    1,
                    0,
                    0,
                    1,
                    0,
                    -12,
                  ]
                }
                propList={
                  Array [
                    "fill",
                  ]
                }
                width={12}
                x={0}
                y="100%"
              />
              <RNSVGRect
                fill={4278190080}
                height={12}
                matrix={
                  Array [
                    1,
                    0,
                    0,
                    1,
                    -12,
                    -12,
                  ]
                }
                propList={
                  Array [
                    "fill",
                  ]
                }
                width={12}
                x="100%"
                y="100%"
              />
            </RNSVGMask>
          </RNSVGDefs>
          <RNSVGRect
            fill={4280637372}
            fillOpacity={0.1}
            height="100%"
            mask="maskPaintBelow"
            propList={
              Array [
                "fill",
                "fillOpacity",
              ]
            }
            width="100%"
            x={0}
            y={0}
          />
        </RNSVGGroup>
      </RNSVGSvgView>
    </View>
    <View
      onLayout={[Function]}
      pointerEvents="box-none"
      style={
        Array [
          Object {
            "alignSelf": "flex-start",
          },
          undefined,
          Array [
            undefined,
            Object {
              "alignSelf": "stretch",
            },
          ],
        ]
      }
    >
      <View
        pointerEvents="box-none"
      >
        <View
          pointerEvents="none"
          style={
            Array [
              Object {
                "bottom": 0,
                "left": 0,
                "position": "absolute",
                "right": 0,
                "top": 1,
              },
              undefined,
            ]
          }
        >
          <RNSVGSvgView
            bbHeight="100%"
            bbWidth={11}
            focusable={false}
            height="100%"
            style={
              Array [
                Object {
                  "backgroundColor": "transparent",
                  "borderWidth": 0,
                },
                Object {
                  "left": -10,
                  "position": "absolute",
                  "top": 13,
                },
                Object {
                  "flex": 0,
                  "height": "100%",
                  "width": 11,
                },
              ]
            }
            width={11}
          >
            <RNSVGGroup>
              <RNSVGDefs>
                <RNSVGLinearGradient
                  gradient={
                    Array [
                      0,
                      219158568,
                      1,
                      1054760,
                    ]
                  }
                  gradientTransform={null}
                  gradientUnits={0}
                  name="left"
                  x1="1"
                  x2="0"
                  y1="0"
                  y2="0"
                />
              </RNSVGDefs>
              <RNSVGRect
                fill={
                  Array [
                    1,
                    "left",
                  ]
                }
                height="100%"
                propList={
                  Array [
                    "fill",
                  ]
                }
                width={10}
                x={0}
                y={-26}
              />
            </RNSVGGroup>
          </RNSVGSvgView>
          <RNSVGSvgView
            bbHeight="100%"
            bbWidth={11}
            focusable={false}
            height="100%"
            style={
              Array [
                Object {
                  "backgroundColor": "transparent",
                  "borderWidth": 0,
                },
                Object {
                  "left": "100%",
                  "position": "absolute",
                  "top": 13,
                },
                Object {
                  "flex": 0,
                  "height": "100%",
                  "width": 11,
                },
              ]
            }
            width={11}
          >
            <RNSVGGroup>
              <RNSVGDefs>
                <RNSVGLinearGradient
                  gradient={
                    Array [
                      0,
                      219158568,
                      1,
                      1054760,
                    ]
                  }
                  gradientTransform={null}
                  gradientUnits={0}
                  name="right"
                  x1="0"
                  x2="1"
                  y1="0"
                  y2="0"
                />
              </RNSVGDefs>
              <RNSVGRect
                fill={
                  Array [
                    1,
                    "right",
                  ]
                }
                height="100%"
                propList={
                  Array [
                    "fill",
                  ]
                }
                width={10}
                x={0}
                y={-26}
              />
            </RNSVGGroup>
          </RNSVGSvgView>
          <RNSVGSvgView
            bbHeight={11}
            bbWidth="100%"
            focusable={false}
            height={11}
            style={
              Array [
                Object {
                  "backgroundColor": "transparent",
                  "borderWidth": 0,
                },
                Object {
                  "left": 13,
                  "position": "absolute",
                  "top": "100%",
                },
                Object {
                  "flex": 0,
                  "height": 11,
                  "width": "100%",
                },
              ]
            }
            width="100%"
          >
            <RNSVGGroup>
              <RNSVGDefs>
                <RNSVGLinearGradient
                  gradient={
                    Array [
                      0,
                      219158568,
                      1,
                      1054760,
                    ]
                  }
                  gradientTransform={null}
                  gradientUnits={0}
                  name="bottom"
                  x1="0"
                  x2="0"
                  y1="0"
                  y2="1"
                />
              </RNSVGDefs>
              <RNSVGRect
                fill={
                  Array [
                    1,
                    "bottom",
                  ]
                }
                height={10}
                propList={
                  Array [
                    "fill",
                  ]
                }
                width="100%"
                x={-26}
                y={0}
              />
            </RNSVGGroup>
          </RNSVGSvgView>
          <RNSVGSvgView
            bbHeight={11}
            bbWidth="100%"
            focusable={false}
            height={11}
            style={
              Array [
                Object {
                  "backgroundColor": "transparent",
                  "borderWidth": 0,
                },
                Object {
                  "left": 13,
                  "position": "absolute",
                  "top": -10,
                },
                Object {
                  "flex": 0,
                  "height": 11,
                  "width": "100%",
                },
              ]
            }
            width="100%"
          >
            <RNSVGGroup>
              <RNSVGDefs>
                <RNSVGLinearGradient
                  gradient={
                    Array [
                      0,
                      219158568,
                      1,
                      1054760,
                    ]
                  }
                  gradientTransform={null}
                  gradientUnits={0}
                  name="top"
                  x1="0"
                  x2="0"
                  y1="1"
                  y2="0"
                />
              </RNSVGDefs>
              <RNSVGRect
                fill={
                  Array [
                    1,
                    "top",
                  ]
                }
                height={10}
                propList={
                  Array [
                    "fill",
                  ]
                }
                width="100%"
                x={-26}
                y={0}
              />
            </RNSVGGroup>
          </RNSVGSvgView>
          <RNSVGSvgView
            bbHeight={24}
            bbWidth={24}
            focusable={false}
            height={24}
            style={
              Array [
                Object {
                  "backgroundColor": "transparent",
                  "borderWidth": 0,
                },
                Object {
                  "left": -10,
                  "position": "absolute",
                  "top": -10,
                },
                Object {
                  "flex": 0,
                  "height": 24,
                  "width": 24,
                },
              ]
            }
            width={24}
          >
            <RNSVGGroup>
              <RNSVGDefs>
                <RNSVGRadialGradient
                  cx={23}
                  cy={23}
                  fx={23}
                  fy={23}
                  gradient={
                    Array [
                      0.5652173913043478,
                      219158568,
                      1,
                      1054760,
                    ]
                  }
                  gradientTransform={null}
                  gradientUnits={1}
                  name="topLeft"
                  rx={23}
                  ry={23}
                />
              </RNSVGDefs>
              <RNSVGPath
                d="M0,23 a23,23 0 0 1 23 -23 v10 v13 h-13 h-10 Z"
                fill={
                  Array [
                    1,
                    "topLeft",
                  ]
                }
                propList={
                  Array [
                    "fill",
                  ]
                }
              />
            </RNSVGGroup>
          </RNSVGSvgView>
          <RNSVGSvgView
            bbHeight={24}
            bbWidth={24}
            focusable={false}
            height={24}
            style={
              Array [
                Object {
                  "backgroundColor": "transparent",
                  "borderWidth": 0,
                },
                Object {
                  "left": "100%",
                  "position": "absolute",
                  "top": -10,
                  "transform": Array [
                    Object {
                      "translateX": -13,
                    },
                  ],
                },
                Object {
                  "flex": 0,
                  "height": 24,
                  "width": 24,
                },
              ]
            }
            width={24}
          >
            <RNSVGGroup
              matrix={
                Array [
                  1,
                  0,
                  0,
                  1,
                  0,
                  0,
                ]
              }
            >
              <RNSVGDefs>
                <RNSVGRadialGradient
                  cx={0}
                  cy={23}
                  fx={0}
                  fy={23}
                  gradient={
                    Array [
                      0.5652173913043478,
                      219158568,
                      1,
                      1054760,
                    ]
                  }
                  gradientTransform={null}
                  gradientUnits={1}
                  name="topRight"
                  rx={23}
                  ry={23}
                />
              </RNSVGDefs>
              <RNSVGPath
                d="M0,0 a23,23 0 0 1 23,23 h-10 h-13 v-13 v-10 Z"
                fill={
                  Array [
                    1,
                    "topRight",
                  ]
                }
                propList={
                  Array [
                    "fill",
                  ]
                }
              />
            </RNSVGGroup>
          </RNSVGSvgView>
          <RNSVGSvgView
            bbHeight={24}
            bbWidth={24}
            focusable={false}
            height={24}
            style={
              Array [
                Object {
                  "backgroundColor": "transparent",
                  "borderWidth": 0,
                },
                Object {
                  "left": -10,
                  "position": "absolute",
                  "top": "100%",
                  "transform": Array [
                    Object {
                      "translateY": -13,
                    },
                  ],
                },
                Object {
                  "flex": 0,
                  "height": 24,
                  "width": 24,
                },
              ]
            }
            width={24}
          >
            <RNSVGGroup
              matrix={
                Array [
                  1,
                  0,
                  0,
                  1,
                  0,
                  0,
                ]
              }
            >
              <RNSVGDefs>
                <RNSVGRadialGradient
                  cx={23}
                  cy={0}
                  fx={23}
                  fy={0}
                  gradient={
                    Array [
                      0.5652173913043478,
                      219158568,
                      1,
                      1054760,
                    ]
                  }
                  gradientTransform={null}
                  gradientUnits={1}
                  name="bottomLeft"
                  rx={23}
                  ry={23}
                />
              </RNSVGDefs>
              <RNSVGPath
                d="M23,23 a23,23 0 0 1 -23,-23 h10 h13 v13 v10 Z"
                fill={
                  Array [
                    1,
                    "bottomLeft",
                  ]
                }
                propList={
                  Array [
                    "fill",
                  ]
                }
              />
            </RNSVGGroup>
          </RNSVGSvgView>
          <RNSVGSvgView
            bbHeight={24}
            bbWidth={24}
            focusable={false}
            height={24}
            style={
              Array [
                Object {
                  "backgroundColor": "transparent",
                  "borderWidth": 0,
                },
                Object {
                  "left": "100%",
                  "position": "absolute",
                  "top": "100%",
                  "transform": Array [
                    Object {
                      "translateX": -13,
                    },
                    Object {
                      "translateY": -13,
                    },
                  ],
                },
                Object {
                  "flex": 0,
                  "height": 24,
                  "width": 24,
                },
              ]
            }
            width={24}
          >
            <RNSVGGroup
              matrix={
                Array [
                  1,
                  0,
                  0,
                  1,
                  0,
                  0,
                ]
              }
            >
              <RNSVGDefs>
                <RNSVGRadialGradient
                  cx={0}
                  cy={0}
                  fx={0}
                  fy={0}
                  gradient={
                    Array [
                      0.5652173913043478,
                      219158568,
                      1,
                      1054760,
                    ]
                  }
                  gradientTransform={null}
                  gradientUnits={1}
                  name="bottomRight"
                  rx={23}
                  ry={23}
                />
              </RNSVGDefs>
              <RNSVGPath
                d="M23,0 a23,23 0 0 1 -23,23 v-10 v-13 h13 h10 Z"
                fill={
                  Array [
                    1,
                    "bottomRight",
                  ]
                }
                propList={
                  Array [
                    "fill",
                  ]
                }
              />
            </RNSVGGroup>
          </RNSVGSvgView>
          <RNSVGSvgView
            bbHeight="100%"
            bbWidth="100%"
            focusable={false}
            height="100%"
            style={
              Array [
                Object {
                  "backgroundColor": "transparent",
                  "borderWidth": 0,
                },
                Object {
                  "position": "absolute",
                },
                Object {
                  "flex": 0,
                  "height": "100%",
                  "width": "100%",
                },
              ]
            }
            width="100%"
          >
            <RNSVGGroup>
              <RNSVGDefs>
                <RNSVGMask
                  height="100%"
                  maskContentUnits={1}
                  maskTransform={
                    Array [
                      1,
                      0,
                      0,
                      1,
                      0,
                      0,
                    ]
                  }
                  maskUnits={0}
                  name="maskPaintBelow"
                  width="100%"
                  x="0%"
                  y="0%"
                >
                  <RNSVGRect
                    fill={4294967295}
                    height="100%"
                    propList={
                      Array [
                        "fill",
                      ]
                    }
                    width="100%"
                    x={0}
                    y={0}
                  />
                  <RNSVGRect
                    fill={4278190080}
                    height={13}
                    propList={
                      Array [
                        "fill",
                      ]
                    }
                    width={13}
                    x={0}
                    y={0}
                  />
                  <RNSVGRect
                    fill={4278190080}
                    height={13}
                    matrix={
                      Array [
                        1,
                        0,
                        0,
                        1,
                        -13,
                        0,
                      ]
                    }
                    propList={
                      Array [
                        "fill",
                      ]
                    }
                    width={13}
                    x="100%"
                    y={0}
                  />
                  <RNSVGRect
                    fill={4278190080}
                    height={13}
                    matrix={
                      Array [
                        1,
                        0,
                        0,
                        1,
                        0,
                        -13,
                      ]
                    }
                    propList={
                      Array [
                        "fill",
                      ]
                    }
                    width={13}
                    x={0}
                    y="100%"
                  />
                  <RNSVGRect
                    fill={4278190080}
                    height={13}
                    matrix={
                      Array [
                        1,
                        0,
                        0,
                        1,
                        -13,
                        -13,
                      ]
                    }
                    propList={
                      Array [
                        "fill",
                      ]
                    }
                    width={13}
                    x="100%"
                    y="100%"
                  />
                </RNSVGMask>
              </RNSVGDefs>
              <RNSVGRect
                fill={4279244840}
                fillOpacity={0.05}
                height="100%"
                mask="maskPaintBelow"
                propList={
                  Array [
                    "fill",
                    "fillOpacity",
                  ]
                }
                width="100%"
                x={0}
                y={0}
              />
            </RNSVGGroup>
          </RNSVGSvgView>
        </View>
        <View
          onLayout={[Function]}
          pointerEvents="box-none"
          style={
            Array [
              Object {
                "alignSelf": "flex-start",
              },
              undefined,
              Array [
                undefined,
                Object {
                  "alignSelf": "stretch",
                },
              ],
            ]
          }
        >
          <View
            style={
              Object {
                "alignItems": "center",
                "backgroundColor": "#F7F8FA",
                "borderRadius": 12,
                "flexDirection": "row",
                "margin": 16,
                "padding": 16,
              }
            }
          >
            <Image
              source={
                Object {
                  "testUri": "../../../src/assets/images/cosmos.png",
                }
              }
              style={
                Object {
                  "height": 40,
                  "resizeMode": "contain",
                  "width": 40,
                }
              }
            />
            <View
              style={
                Object {
                  "flex": 1,
                  "marginLeft": 8,
                }
              }
            >
              <Text
                style={
                  Array [
                    Array [
                      Object {
                        "color": "#1D1E22",
                      },
                      Object {
                        "fontFamily": "Poppins-SemiBold",
                        "fontSize": 18,
                        "fontStyle": "normal",
                        "fontWeight": "600",
                        "letterSpacing": -0.0015,
                        "lineHeight": 27,
                      },
                    ],
                    Object {
                      "color": "#25282D",
                    },
                  ]
                }
              >
                Testmosis
              </Text>
              <View
                style={
                  Object {
                    "flexDirection": "row",
                    "maxWidth": "80%",
                  }
                }
              >
                <Text
                  ellipsizeMode="middle"
                  numberOfLines={1}
                  style={
                    Array [
                      Array [
                        Object {
                          "color": "#1D1E22",
                        },
                        Object {
                          "fontFamily": "Poppins-Regular",
                          "fontSize": 12,
                          "fontStyle": "normal",
                          "fontWeight": "400",
                          "lineHeight": 16,
                          "textAlign": "left",
                        },
                      ],
                      Object {
                        "color": "#25282D",
                      },
                    ]
                  }
                >
                  test123123123
                </Text>
                <View
                  accessibilityLabel="copy address button"
                  accessible={true}
                  collapsable={false}
                  focusable={true}
                  onClick={[Function]}
                  onResponderGrant={[Function]}
                  onResponderMove={[Function]}
                  onResponderRelease={[Function]}
                  onResponderTerminate={[Function]}
                  onResponderTerminationRequest={[Function]}
                  onStartShouldSetResponder={[Function]}
                  style={
                    Object {
                      "opacity": 1,
                    }
                  }
                >
                  <Image
                    source={
                      Object {
                        "testUri": "../../../src/assets/images/copy.png",
                      }
                    }
                    style={
                      Object {
                        "height": 16,
                        "marginLeft": 4,
                        "resizeMode": "contain",
                        "tintColor": "#9D9D9D",
                        "width": 16,
                      }
                    }
                  />
                </View>
              </View>
            </View>
            <View
              style={
                Object {
                  "alignItems": "center",
                  "justifyContent": "center",
                }
              }
            >
              <View
                accessible={true}
                collapsable={false}
                focusable={true}
                onClick={[Function]}
                onResponderGrant={[Function]}
                onResponderMove={[Function]}
                onResponderRelease={[Function]}
                onResponderTerminate={[Function]}
                onResponderTerminationRequest={[Function]}
                onStartShouldSetResponder={[Function]}
                style={
                  Object {
                    "opacity": 1,
                  }
                }
              >
                <Text
                  style={
                    Array [
                      Array [
                        Object {
                          "color": "#1D1E22",
                        },
                        Object {
                          "fontFamily": "Poppins-SemiBold",
                          "fontSize": 12,
                          "fontStyle": "normal",
                          "fontWeight": "600",
                          "lineHeight": 16,
                          "textAlign": "left",
                        },
                      ],
                      Object {
                        "color": "#F3725A",
                      },
                    ]
                  }
                >
                  Disconnect
                </Text>
              </View>
            </View>
          </View>
        </View>
      </View>
    </View>
  </View>
</View>
`;
