// Jest Snapshot v1, https://goo.gl/fbAQLP

exports[`component: PopupMenu renders 1`] = `
<View
  accessibilityLabel="Show additional post actions"
  accessibilityRole="button"
  accessibilityState={
    {
      "busy": undefined,
      "checked": undefined,
      "disabled": undefined,
      "expanded": undefined,
      "selected": undefined,
    }
  }
  accessibilityValue={
    {
      "max": undefined,
      "min": undefined,
      "now": undefined,
      "text": undefined,
    }
  }
  accessible={true}
  aria-haspopup="menu"
  collapsable={false}
  dataSet={{}}
  focusable={true}
  nativeID="1"
  onBlur={[Function]}
  onClick={[Function]}
  onFocus={[Function]}
  onKeyDownCapture={[Function]}
  onResponderGrant={[Function]}
  onResponderMove={[Function]}
  onResponderRelease={[Function]}
  onResponderTerminate={[Function]}
  onResponderTerminationRequest={[Function]}
  onStartShouldSetResponder={[Function]}
  style={{}}
>
  <Image
    source={
      {
        "testUri": "../../../src/assets/images/moreBlackIcon.png",
      }
    }
    style={
      {
        "height": 20,
        "width": 20,
      }
    }
  />
</View>
`;
