// Jest Snapshot v1, https://goo.gl/fbAQLP

exports[`component: TopBar renders 1`] = `
<View
  style={
    [
      {
        "alignItems": "center",
        "flexDirection": "row",
        "paddingHorizontal": 16,
      },
      undefined,
    ]
  }
>
  <View
    style={
      [
        {
          "alignItems": "center",
        },
        {
          "alignItems": "flex-start",
          "flex": 0.25,
          "justifyContent": "center",
        },
      ]
    }
  />
  <View
    style={
      [
        {
          "alignItems": "center",
        },
        {
          "alignItems": "center",
          "flex": 0.5,
          "justifyContent": "center",
        },
      ]
    }
  />
  <View
    style={
      [
        {
          "alignItems": "center",
        },
        {
          "alignItems": "flex-end",
          "flex": 0.25,
          "justifyContent": "center",
        },
      ]
    }
  />
</View>
`;

exports[`component: TopBar renders back button 1`] = `
<View
  style={
    [
      {
        "alignItems": "center",
        "flexDirection": "row",
        "paddingHorizontal": 16,
      },
      undefined,
    ]
  }
>
  <View
    style={
      [
        {
          "alignItems": "center",
        },
        {
          "alignItems": "flex-start",
          "flex": 0.25,
          "justifyContent": "center",
        },
      ]
    }
  >
    <RNGestureHandlerButton
      collapsable={false}
      delayLongPress={600}
      enabled={true}
      exclusive={true}
      handlerTag={1}
      handlerType="NativeViewGestureHandler"
      hitSlop={
        {
          "bottom": 50,
          "left": 50,
          "right": 50,
          "top": 50,
        }
      }
      onGestureEvent={[Function]}
      onGestureHandlerEvent={[Function]}
      onGestureHandlerStateChange={[Function]}
      onHandlerStateChange={[Function]}
      rippleColor={0}
      touchSoundDisabled={false}
    >
      <View
        accessibilityLabel="back-button"
        accessible={true}
        collapsable={false}
        hitSlop={
          {
            "bottom": 50,
            "left": 50,
            "right": 50,
            "top": 50,
          }
        }
        style={
          {
            "opacity": 1,
            "padding": 6,
          }
        }
      >
        <Text
          allowFontScaling={true}
          selectable={false}
          style={
            [
              {
                "color": "#25282D",
                "fontSize": 32,
              },
              undefined,
              {
                "fontFamily": "FontAwesome",
                "fontStyle": "normal",
                "fontWeight": "normal",
              },
              {},
            ]
          }
        >
          
        </Text>
      </View>
    </RNGestureHandlerButton>
  </View>
  <View
    style={
      [
        {
          "alignItems": "center",
        },
        {
          "alignItems": "center",
          "flex": 0.5,
          "justifyContent": "center",
        },
      ]
    }
  />
  <View
    style={
      [
        {
          "alignItems": "center",
        },
        {
          "alignItems": "flex-end",
          "flex": 0.25,
          "justifyContent": "center",
        },
      ]
    }
  />
</View>
`;
